******************************************************************************
                  TI ARM Linker PC v15.12.3                    
******************************************************************************
>> Linked Fri Mar 10 04:03:00 2017

OUTPUT FILE NAME:   <distance_sensor_tm4c.out>
ENTRY POINT SYMBOL: "_c_int00"  address: 00000e09


MEMORY CONFIGURATION

         name            origin    length      used     unused   attr    fill
----------------------  --------  ---------  --------  --------  ----  --------
  FLASH                 00000000   00040000  0000132c  0003ecd4  R  X
  SRAM                  20000000   00008000  00000220  00007de0  RW X


SEGMENT ALLOCATION MAP

run origin  load origin   length   init length attrs members
----------  ----------- ---------- ----------- ----- -------
00000000    00000000    00001330   00001330    r-x
  00000000    00000000    0000026c   0000026c    r-- .intvecs
  0000026c    0000026c    00000f6c   00000f6c    r-x .text
  000011d8    000011d8    0000012c   0000012c    r-- .const
  00001308    00001308    00000028   00000028    r-- .cinit
20000000    20000000    00000220   00000000    rw-
  20000000    20000000    00000200   00000000    rw- .stack
  20000200    20000200    00000020   00000000    rw- .data


SECTION ALLOCATION MAP

 output                                  attributes/
section   page    origin      length       input sections
--------  ----  ----------  ----------   ----------------
.intvecs   0    00000000    0000026c     
                  00000000    0000026c     tm4c123gh6pm_startup_ccs.obj (.intvecs)

.text      0    0000026c    00000f6c     
                  0000026c    0000049c     uartstdio.obj (.text)
                  00000708    00000168     main.obj (.text)
                  00000870    00000130     driverlib.lib : gpio.obj (.text:GPIOPadConfigSet)
                  000009a0    0000010c                   : sysctl.obj (.text:SysCtlClockGet)
                  00000aac    000000f0                   : sysctl.obj (.text:SysCtlClockSet)
                  00000b9c    0000009c     rtsv7M4_T_le_v4SPD16_eabi.lib : memcpy_t2.obj (.text)
                  00000c38    0000007a     driverlib.lib : adc.obj (.text:ADCSequenceStepConfigure)
                  00000cb2    0000007a     rtsv7M4_T_le_v4SPD16_eabi.lib : memset_t2.obj (.text)
                  00000d2c    00000070                                   : autoinit.obj (.text)
                  00000d9c    0000006a                                   : copy_decompress_rle.obj (.text)
                  00000e06    00000002                                   : i_div0.obj (.text)
                  00000e08    00000054                                   : boot.obj (.text)
                  00000e5c    00000054                                   : exit.obj (.text)
                  00000eb0    0000004c                                   : cpy_tbl.obj (.text)
                  00000efc    00000048     driverlib.lib : gpio.obj (.text:GPIOPinConfigure)
                  00000f44    00000042                   : uart.obj (.text:UARTConfigSetExpClk)
                  00000f86    00000040     rtsv7M4_T_le_v4SPD16_eabi.lib : u_divt2.obj (.text)
                  00000fc6    0000003e     driverlib.lib : adc.obj (.text:ADCSequenceConfigure)
                  00001004    00000038                   : sysctl.obj (.text:SysCtlPeripheralPresent)
                  0000103c    00000034                   : sysctl.obj (.text:SysCtlPeripheralEnable)
                  00001070    0000002e                   : adc.obj (.text:ADCIntStatus)
                  0000109e    0000002a                   : gpio.obj (.text:GPIODirModeSet)
                  000010c8    0000001e                   : adc.obj (.text:ADCSequenceDataGet)
                  000010e6    00000002     rtsv7M4_T_le_v4SPD16_eabi.lib : mpu_init.obj (.text)
                  000010e8    0000001c     driverlib.lib : uart.obj (.text:UARTDisable)
                  00001104    00000018                   : adc.obj (.text:ADCProcessorTrigger)
                  0000111c    00000018     rtsv7M4_T_le_v4SPD16_eabi.lib : args_main.obj (.text)
                  00001134    00000014     driverlib.lib : uart.obj (.text:UARTEnable)
                  00001148    00000014     rtsv7M4_T_le_v4SPD16_eabi.lib : _lock.obj (.text)
                  0000115c    00000012     driverlib.lib : gpio.obj (.text:GPIOPinTypeADC)
                  0000116e    00000012                   : gpio.obj (.text:GPIOPinTypeUART)
                  00001180    0000000e                   : adc.obj (.text:ADCSequenceEnable)
                  0000118e    0000000e     rtsv7M4_T_le_v4SPD16_eabi.lib : copy_decompress_none.obj (.text:decompress:none)
                  0000119c    0000000c     tm4c123gh6pm_startup_ccs.obj (.text)
                  000011a8    0000000a     driverlib.lib : adc.obj (.text:ADCIntClear)
                  000011b2    0000000a                   : uart.obj (.text:UARTCharGet)
                  000011bc    0000000a                   : uart.obj (.text:UARTCharPut)
                  000011c6    00000006                   : sysctl.obj (.text:SysCtlDelay)
                  000011cc    00000006     rtsv7M4_T_le_v4SPD16_eabi.lib : copy_decompress_rle.obj (.text:decompress:rle24)
                  000011d2    00000004                                   : pre_init.obj (.text)
                  000011d6    00000002                                   : startup.obj (.text)

.const     0    000011d8    0000012c     
                  000011d8    00000090     driverlib.lib : gpio.obj (.const:g_pui32GPIOBaseAddrs)
                  00001268    0000006c                   : sysctl.obj (.const:g_pui32Xtals)
                  000012d4    00000012     uartstdio.obj (.const:.string)
                  000012e6    00000002     --HOLE-- [fill = 0]
                  000012e8    0000000c     uartstdio.obj (.const:g_ui32UARTBase)
                  000012f4    0000000c     uartstdio.obj (.const:g_ui32UARTPeriph)
                  00001300    00000004     uartstdio.obj (.const)

.cinit     0    00001308    00000028     
                  00001308    00000016     (.cinit..data.load) [load image, compression = rle]
                  0000131e    00000002     --HOLE-- [fill = 0]
                  00001320    00000008     (__TI_handler_table)
                  00001328    00000008     (__TI_cinit_table)

.init_array 
*          0    00000000    00000000     UNINITIALIZED

.stack     0    20000000    00000200     UNINITIALIZED
                  20000000    00000200     --HOLE--

.data      0    20000200    00000020     UNINITIALIZED
                  20000200    0000000c     rtsv7M4_T_le_v4SPD16_eabi.lib : exit.obj (.data:$O1$$)
                  2000020c    00000008                                   : _lock.obj (.data:$O1$$)
                  20000214    00000005     uartstdio.obj (.data)
                  20000219    00000003     --HOLE--
                  2000021c    00000004     rtsv7M4_T_le_v4SPD16_eabi.lib : stkdepth_vars.obj (.data)

MODULE SUMMARY

       Module                         code   ro data   rw data
       ------                         ----   -------   -------
    .\
       uartstdio.obj                  1180   46        5      
       tm4c123gh6pm_startup_ccs.obj   12     620       0      
       main.obj                       360    0         0      
    +--+------------------------------+------+---------+---------+
       Total:                         1552   666       5      
                                                              
    C:/ti/tirtos_tivac_2_16_00_08/products/TivaWare_C_Series-2.1.1.71b/driverlib/ccs/Debug/driverlib.lib
       sysctl.obj                     622    108       0      
       gpio.obj                       454    144       0      
       adc.obj                        308    0         0      
       uart.obj                       134    0         0      
    +--+------------------------------+------+---------+---------+
       Total:                         1518   252       0      
                                                              
    C:\ti\ccsv6\tools\compiler\arm_15.12.3.LTS\lib\rtsv7M4_T_le_v4SPD16_eabi.lib
       memcpy_t2.obj                  156    0         0      
       memset_t2.obj                  122    0         0      
       autoinit.obj                   112    0         0      
       copy_decompress_rle.obj        112    0         0      
       exit.obj                       84     0         12     
       boot.obj                       84     0         0      
       cpy_tbl.obj                    76     0         0      
       u_divt2.obj                    64     0         0      
       _lock.obj                      20     0         8      
       args_main.obj                  24     0         0      
       copy_decompress_none.obj       14     0         0      
       pre_init.obj                   4      0         0      
       stkdepth_vars.obj              0      0         4      
       i_div0.obj                     2      0         0      
       mpu_init.obj                   2      0         0      
       startup.obj                    2      0         0      
    +--+------------------------------+------+---------+---------+
       Total:                         878    0         24     
                                                              
       Stack:                         0      0         512    
       Linker Generated:              0      38        0      
    +--+------------------------------+------+---------+---------+
       Grand Total:                   3948   956       541    


LINKER GENERATED COPY TABLES

__TI_cinit_table @ 00001328 records: 1, size/record: 8, table size: 8
	.data: load addr=00001308, load size=00000016 bytes, run addr=20000200, run size=00000020 bytes, compression=rle


LINKER GENERATED HANDLER TABLE

__TI_handler_table @ 00001320 records: 2, size/record: 4, table size: 8
	index: 0, handler: __TI_decompress_rle24
	index: 1, handler: __TI_decompress_none


GLOBAL SYMBOLS: SORTED ALPHABETICALLY BY Name 

address   name                           
-------   ----                           
000011a9  ADCIntClear                    
00001071  ADCIntStatus                   
00001105  ADCProcessorTrigger            
00000fc7  ADCSequenceConfigure           
000010c9  ADCSequenceDataGet             
00001181  ADCSequenceEnable              
00000c39  ADCSequenceStepConfigure       
000007f5  ADCinit                        
00000e5d  C$$EXIT                        
0000109f  GPIODirModeSet                 
00000871  GPIOPadConfigSet               
00000efd  GPIOPinConfigure               
0000115d  GPIOPinTypeADC                 
0000116f  GPIOPinTypeUART                
0000119d  ResetISR                       
UNDEFED   SHT$$INIT_ARRAY$$Base          
UNDEFED   SHT$$INIT_ARRAY$$Limit         
000009a1  SysCtlClockGet                 
00000aad  SysCtlClockSet                 
000011c7  SysCtlDelay                    
0000103d  SysCtlPeripheralEnable         
00001005  SysCtlPeripheralPresent        
000011b3  UARTCharGet                    
000011bd  UARTCharPut                    
00000f45  UARTConfigSetExpClk            
000010e9  UARTDisable                    
00001135  UARTEnable                     
0000026d  UARTStdioConfig                
000003b3  UARTgetc                       
000002f9  UARTgets                       
000007bb  UARTinit                       
000006d3  UARTprintf                     
000003d9  UARTvprintf                    
000002b3  UARTwrite                      
20000200  __STACK_END                    
00000200  __STACK_SIZE                   
20000200  __STACK_TOP                    
00001328  __TI_CINIT_Base                
00001330  __TI_CINIT_Limit               
00001320  __TI_Handler_Table_Base        
00001328  __TI_Handler_Table_Limit       
00000d2d  __TI_auto_init                 
20000200  __TI_cleanup_ptr               
0000118f  __TI_decompress_none           
000011cd  __TI_decompress_rle24          
20000204  __TI_dtors_ptr                 
20000208  __TI_enable_exit_profile_output
ffffffff  __TI_pprof_out_hndl            
ffffffff  __TI_prof_data_size            
ffffffff  __TI_prof_data_start           
00000000  __TI_static_base__             
00000e07  __aeabi_idiv0                  
00000cb3  __aeabi_memclr                 
00000cb3  __aeabi_memclr4                
00000cb3  __aeabi_memclr8                
00000b9d  __aeabi_memcpy                 
00000b9d  __aeabi_memcpy4                
00000b9d  __aeabi_memcpy8                
00000cb5  __aeabi_memset                 
00000cb5  __aeabi_memset4                
00000cb5  __aeabi_memset8                
00000f87  __aeabi_uidiv                  
00000f87  __aeabi_uidivmod               
ffffffff  __binit__                      
ffffffff  __c_args__                     
000010e7  __mpu_init                     
20000000  __stack                        
0000111d  _args_main                     
00000e09  _c_int00                       
2000020c  _lock                          
00001157  _nop                           
0000114f  _register_lock                 
00001149  _register_unlock               
000011d7  _system_post_cinit             
000011d3  _system_pre_init               
20000210  _unlock                        
00000e61  abort                          
ffffffff  binit                          
00000eb1  copy_in                        
00000e69  exit                           
00000000  g_pfnVectors                   
00000709  main                           
2000021c  main_func_sp                   
00000b9d  memcpy                         
00000cbb  memset                         


GLOBAL SYMBOLS: SORTED BY Symbol Address 

address   name                           
-------   ----                           
00000000  __TI_static_base__             
00000000  g_pfnVectors                   
00000200  __STACK_SIZE                   
0000026d  UARTStdioConfig                
000002b3  UARTwrite                      
000002f9  UARTgets                       
000003b3  UARTgetc                       
000003d9  UARTvprintf                    
000006d3  UARTprintf                     
00000709  main                           
000007bb  UARTinit                       
000007f5  ADCinit                        
00000871  GPIOPadConfigSet               
000009a1  SysCtlClockGet                 
00000aad  SysCtlClockSet                 
00000b9d  __aeabi_memcpy                 
00000b9d  __aeabi_memcpy4                
00000b9d  __aeabi_memcpy8                
00000b9d  memcpy                         
00000c39  ADCSequenceStepConfigure       
00000cb3  __aeabi_memclr                 
00000cb3  __aeabi_memclr4                
00000cb3  __aeabi_memclr8                
00000cb5  __aeabi_memset                 
00000cb5  __aeabi_memset4                
00000cb5  __aeabi_memset8                
00000cbb  memset                         
00000d2d  __TI_auto_init                 
00000e07  __aeabi_idiv0                  
00000e09  _c_int00                       
00000e5d  C$$EXIT                        
00000e61  abort                          
00000e69  exit                           
00000eb1  copy_in                        
00000efd  GPIOPinConfigure               
00000f45  UARTConfigSetExpClk            
00000f87  __aeabi_uidiv                  
00000f87  __aeabi_uidivmod               
00000fc7  ADCSequenceConfigure           
00001005  SysCtlPeripheralPresent        
0000103d  SysCtlPeripheralEnable         
00001071  ADCIntStatus                   
0000109f  GPIODirModeSet                 
000010c9  ADCSequenceDataGet             
000010e7  __mpu_init                     
000010e9  UARTDisable                    
00001105  ADCProcessorTrigger            
0000111d  _args_main                     
00001135  UARTEnable                     
00001149  _register_unlock               
0000114f  _register_lock                 
00001157  _nop                           
0000115d  GPIOPinTypeADC                 
0000116f  GPIOPinTypeUART                
00001181  ADCSequenceEnable              
0000118f  __TI_decompress_none           
0000119d  ResetISR                       
000011a9  ADCIntClear                    
000011b3  UARTCharGet                    
000011bd  UARTCharPut                    
000011c7  SysCtlDelay                    
000011cd  __TI_decompress_rle24          
000011d3  _system_pre_init               
000011d7  _system_post_cinit             
00001320  __TI_Handler_Table_Base        
00001328  __TI_CINIT_Base                
00001328  __TI_Handler_Table_Limit       
00001330  __TI_CINIT_Limit               
20000000  __stack                        
20000200  __STACK_END                    
20000200  __STACK_TOP                    
20000200  __TI_cleanup_ptr               
20000204  __TI_dtors_ptr                 
20000208  __TI_enable_exit_profile_output
2000020c  _lock                          
20000210  _unlock                        
2000021c  main_func_sp                   
ffffffff  __TI_pprof_out_hndl            
ffffffff  __TI_prof_data_size            
ffffffff  __TI_prof_data_start           
ffffffff  __binit__                      
ffffffff  __c_args__                     
ffffffff  binit                          
UNDEFED   SHT$$INIT_ARRAY$$Base          
UNDEFED   SHT$$INIT_ARRAY$$Limit         

[85 symbols]
