******************************************************************************
                  TI ARM Linker PC v15.12.3                    
******************************************************************************
>> Linked Fri Mar 10 16:45:51 2017

OUTPUT FILE NAME:   <distance_sensor_tm4c.out>
ENTRY POINT SYMBOL: "_c_int00"  address: 00000ed9


MEMORY CONFIGURATION

         name            origin    length      used     unused   attr    fill
----------------------  --------  ---------  --------  --------  ----  --------
  FLASH                 00000000   00040000  000013fc  0003ec04  R  X
  SRAM                  20000000   00008000  00000220  00007de0  RW X


SEGMENT ALLOCATION MAP

run origin  load origin   length   init length attrs members
----------  ----------- ---------- ----------- ----- -------
00000000    00000000    00001400   00001400    r-x
  00000000    00000000    0000026c   0000026c    r-- .intvecs
  0000026c    0000026c    0000103c   0000103c    r-x .text
  000012a8    000012a8    0000012c   0000012c    r-- .const
  000013d8    000013d8    00000028   00000028    r-- .cinit
20000000    20000000    00000220   00000000    rw-
  20000000    20000000    00000200   00000000    rw- .stack
  20000200    20000200    00000020   00000000    rw- .data


SECTION ALLOCATION MAP

 output                                  attributes/
section   page    origin      length       input sections
--------  ----  ----------  ----------   ----------------
.intvecs   0    00000000    0000026c     
                  00000000    0000026c     tm4c123gh6pm_startup_ccs.obj (.intvecs)

.text      0    0000026c    0000103c     
                  0000026c    0000049c     uartstdio.obj (.text)
                  00000708    00000238     main.obj (.text)
                  00000940    00000130     driverlib.lib : gpio.obj (.text:GPIOPadConfigSet)
                  00000a70    0000010c                   : sysctl.obj (.text:SysCtlClockGet)
                  00000b7c    000000f0                   : sysctl.obj (.text:SysCtlClockSet)
                  00000c6c    0000009c     rtsv7M4_T_le_v4SPD16_eabi.lib : memcpy_t2.obj (.text)
                  00000d08    0000007a     driverlib.lib : adc.obj (.text:ADCSequenceStepConfigure)
                  00000d82    0000007a     rtsv7M4_T_le_v4SPD16_eabi.lib : memset_t2.obj (.text)
                  00000dfc    00000070                                   : autoinit.obj (.text)
                  00000e6c    0000006a                                   : copy_decompress_rle.obj (.text)
                  00000ed6    00000002                                   : i_div0.obj (.text)
                  00000ed8    00000054                                   : boot.obj (.text)
                  00000f2c    00000054                                   : exit.obj (.text)
                  00000f80    0000004c                                   : cpy_tbl.obj (.text)
                  00000fcc    00000048     driverlib.lib : gpio.obj (.text:GPIOPinConfigure)
                  00001014    00000042                   : uart.obj (.text:UARTConfigSetExpClk)
                  00001056    00000040     rtsv7M4_T_le_v4SPD16_eabi.lib : u_divt2.obj (.text)
                  00001096    0000003e     driverlib.lib : adc.obj (.text:ADCSequenceConfigure)
                  000010d4    00000038                   : sysctl.obj (.text:SysCtlPeripheralPresent)
                  0000110c    00000034                   : sysctl.obj (.text:SysCtlPeripheralEnable)
                  00001140    0000002e                   : adc.obj (.text:ADCIntStatus)
                  0000116e    0000002a                   : gpio.obj (.text:GPIODirModeSet)
                  00001198    0000001e                   : adc.obj (.text:ADCSequenceDataGet)
                  000011b6    00000002     rtsv7M4_T_le_v4SPD16_eabi.lib : mpu_init.obj (.text)
                  000011b8    0000001c     driverlib.lib : uart.obj (.text:UARTDisable)
                  000011d4    00000018                   : adc.obj (.text:ADCProcessorTrigger)
                  000011ec    00000018     rtsv7M4_T_le_v4SPD16_eabi.lib : args_main.obj (.text)
                  00001204    00000014     driverlib.lib : uart.obj (.text:UARTEnable)
                  00001218    00000014     rtsv7M4_T_le_v4SPD16_eabi.lib : _lock.obj (.text)
                  0000122c    00000012     driverlib.lib : gpio.obj (.text:GPIOPinTypeADC)
                  0000123e    00000012                   : gpio.obj (.text:GPIOPinTypeUART)
                  00001250    0000000e                   : adc.obj (.text:ADCSequenceEnable)
                  0000125e    0000000e     rtsv7M4_T_le_v4SPD16_eabi.lib : copy_decompress_none.obj (.text:decompress:none)
                  0000126c    0000000c     tm4c123gh6pm_startup_ccs.obj (.text)
                  00001278    0000000a     driverlib.lib : adc.obj (.text:ADCIntClear)
                  00001282    0000000a                   : uart.obj (.text:UARTCharGet)
                  0000128c    0000000a                   : uart.obj (.text:UARTCharPut)
                  00001296    00000006                   : sysctl.obj (.text:SysCtlDelay)
                  0000129c    00000006     rtsv7M4_T_le_v4SPD16_eabi.lib : copy_decompress_rle.obj (.text:decompress:rle24)
                  000012a2    00000004                                   : pre_init.obj (.text)
                  000012a6    00000002                                   : startup.obj (.text)

.const     0    000012a8    0000012c     
                  000012a8    00000090     driverlib.lib : gpio.obj (.const:g_pui32GPIOBaseAddrs)
                  00001338    0000006c                   : sysctl.obj (.const:g_pui32Xtals)
                  000013a4    00000012     uartstdio.obj (.const:.string)
                  000013b6    00000002     --HOLE-- [fill = 0]
                  000013b8    0000000c     uartstdio.obj (.const:g_ui32UARTBase)
                  000013c4    0000000c     uartstdio.obj (.const:g_ui32UARTPeriph)
                  000013d0    00000004     uartstdio.obj (.const)

.cinit     0    000013d8    00000028     
                  000013d8    00000016     (.cinit..data.load) [load image, compression = rle]
                  000013ee    00000002     --HOLE-- [fill = 0]
                  000013f0    00000008     (__TI_handler_table)
                  000013f8    00000008     (__TI_cinit_table)

.init_array 
*          0    00000000    00000000     UNINITIALIZED

.stack     0    20000000    00000200     UNINITIALIZED
                  20000000    00000200     --HOLE--

.data      0    20000200    00000020     UNINITIALIZED
                  20000200    0000000c     rtsv7M4_T_le_v4SPD16_eabi.lib : exit.obj (.data:$O1$$)
                  2000020c    00000008                                   : _lock.obj (.data:$O1$$)
                  20000214    00000005     uartstdio.obj (.data)
                  20000219    00000003     --HOLE--
                  2000021c    00000004     rtsv7M4_T_le_v4SPD16_eabi.lib : stkdepth_vars.obj (.data)

MODULE SUMMARY

       Module                         code   ro data   rw data
       ------                         ----   -------   -------
    .\
       uartstdio.obj                  1180   46        5      
       tm4c123gh6pm_startup_ccs.obj   12     620       0      
       main.obj                       568    0         0      
    +--+------------------------------+------+---------+---------+
       Total:                         1760   666       5      
                                                              
    C:/ti/tirtos_tivac_2_16_00_08/products/TivaWare_C_Series-2.1.1.71b/driverlib/ccs/Debug/driverlib.lib
       sysctl.obj                     622    108       0      
       gpio.obj                       454    144       0      
       adc.obj                        308    0         0      
       uart.obj                       134    0         0      
    +--+------------------------------+------+---------+---------+
       Total:                         1518   252       0      
                                                              
    C:\ti\ccsv6\tools\compiler\arm_15.12.3.LTS\lib\rtsv7M4_T_le_v4SPD16_eabi.lib
       memcpy_t2.obj                  156    0         0      
       memset_t2.obj                  122    0         0      
       autoinit.obj                   112    0         0      
       copy_decompress_rle.obj        112    0         0      
       exit.obj                       84     0         12     
       boot.obj                       84     0         0      
       cpy_tbl.obj                    76     0         0      
       u_divt2.obj                    64     0         0      
       _lock.obj                      20     0         8      
       args_main.obj                  24     0         0      
       copy_decompress_none.obj       14     0         0      
       pre_init.obj                   4      0         0      
       stkdepth_vars.obj              0      0         4      
       i_div0.obj                     2      0         0      
       mpu_init.obj                   2      0         0      
       startup.obj                    2      0         0      
    +--+------------------------------+------+---------+---------+
       Total:                         878    0         24     
                                                              
       Stack:                         0      0         512    
       Linker Generated:              0      38        0      
    +--+------------------------------+------+---------+---------+
       Grand Total:                   4156   956       541    


LINKER GENERATED COPY TABLES

__TI_cinit_table @ 000013f8 records: 1, size/record: 8, table size: 8
	.data: load addr=000013d8, load size=00000016 bytes, run addr=20000200, run size=00000020 bytes, compression=rle


LINKER GENERATED HANDLER TABLE

__TI_handler_table @ 000013f0 records: 2, size/record: 4, table size: 8
	index: 0, handler: __TI_decompress_rle24
	index: 1, handler: __TI_decompress_none


GLOBAL SYMBOLS: SORTED ALPHABETICALLY BY Name 

address   name                           
-------   ----                           
00001279  ADCIntClear                    
00001141  ADCIntStatus                   
000011d5  ADCProcessorTrigger            
00001097  ADCSequenceConfigure           
00001199  ADCSequenceDataGet             
00001251  ADCSequenceEnable              
00000d09  ADCSequenceStepConfigure       
000008b7  ADCinit                        
00000f2d  C$$EXIT                        
0000116f  GPIODirModeSet                 
00000941  GPIOPadConfigSet               
00000fcd  GPIOPinConfigure               
0000122d  GPIOPinTypeADC                 
0000123f  GPIOPinTypeUART                
0000126d  ResetISR                       
UNDEFED   SHT$$INIT_ARRAY$$Base          
UNDEFED   SHT$$INIT_ARRAY$$Limit         
00000a71  SysCtlClockGet                 
00000b7d  SysCtlClockSet                 
00001297  SysCtlDelay                    
0000110d  SysCtlPeripheralEnable         
000010d5  SysCtlPeripheralPresent        
00001283  UARTCharGet                    
0000128d  UARTCharPut                    
00001015  UARTConfigSetExpClk            
000011b9  UARTDisable                    
00001205  UARTEnable                     
0000026d  UARTStdioConfig                
000003b3  UARTgetc                       
000002f9  UARTgets                       
0000087d  UARTinit                       
000006d3  UARTprintf                     
000003d9  UARTvprintf                    
000002b3  UARTwrite                      
20000200  __STACK_END                    
00000200  __STACK_SIZE                   
20000200  __STACK_TOP                    
000013f8  __TI_CINIT_Base                
00001400  __TI_CINIT_Limit               
000013f0  __TI_Handler_Table_Base        
000013f8  __TI_Handler_Table_Limit       
00000dfd  __TI_auto_init                 
20000200  __TI_cleanup_ptr               
0000125f  __TI_decompress_none           
0000129d  __TI_decompress_rle24          
20000204  __TI_dtors_ptr                 
20000208  __TI_enable_exit_profile_output
ffffffff  __TI_pprof_out_hndl            
ffffffff  __TI_prof_data_size            
ffffffff  __TI_prof_data_start           
00000000  __TI_static_base__             
00000ed7  __aeabi_idiv0                  
00000d83  __aeabi_memclr                 
00000d83  __aeabi_memclr4                
00000d83  __aeabi_memclr8                
00000c6d  __aeabi_memcpy                 
00000c6d  __aeabi_memcpy4                
00000c6d  __aeabi_memcpy8                
00000d85  __aeabi_memset                 
00000d85  __aeabi_memset4                
00000d85  __aeabi_memset8                
00001057  __aeabi_uidiv                  
00001057  __aeabi_uidivmod               
ffffffff  __binit__                      
ffffffff  __c_args__                     
000011b7  __mpu_init                     
20000000  __stack                        
000011ed  _args_main                     
00000ed9  _c_int00                       
2000020c  _lock                          
00001227  _nop                           
0000121f  _register_lock                 
00001219  _register_unlock               
000012a7  _system_post_cinit             
000012a3  _system_pre_init               
20000210  _unlock                        
00000f31  abort                          
ffffffff  binit                          
00000f81  copy_in                        
00000913  delay                          
00000f39  exit                           
00000000  g_pfnVectors                   
00000709  main                           
2000021c  main_func_sp                   
00000c6d  memcpy                         
00000d8b  memset                         


GLOBAL SYMBOLS: SORTED BY Symbol Address 

address   name                           
-------   ----                           
00000000  __TI_static_base__             
00000000  g_pfnVectors                   
00000200  __STACK_SIZE                   
0000026d  UARTStdioConfig                
000002b3  UARTwrite                      
000002f9  UARTgets                       
000003b3  UARTgetc                       
000003d9  UARTvprintf                    
000006d3  UARTprintf                     
00000709  main                           
0000087d  UARTinit                       
000008b7  ADCinit                        
00000913  delay                          
00000941  GPIOPadConfigSet               
00000a71  SysCtlClockGet                 
00000b7d  SysCtlClockSet                 
00000c6d  __aeabi_memcpy                 
00000c6d  __aeabi_memcpy4                
00000c6d  __aeabi_memcpy8                
00000c6d  memcpy                         
00000d09  ADCSequenceStepConfigure       
00000d83  __aeabi_memclr                 
00000d83  __aeabi_memclr4                
00000d83  __aeabi_memclr8                
00000d85  __aeabi_memset                 
00000d85  __aeabi_memset4                
00000d85  __aeabi_memset8                
00000d8b  memset                         
00000dfd  __TI_auto_init                 
00000ed7  __aeabi_idiv0                  
00000ed9  _c_int00                       
00000f2d  C$$EXIT                        
00000f31  abort                          
00000f39  exit                           
00000f81  copy_in                        
00000fcd  GPIOPinConfigure               
00001015  UARTConfigSetExpClk            
00001057  __aeabi_uidiv                  
00001057  __aeabi_uidivmod               
00001097  ADCSequenceConfigure           
000010d5  SysCtlPeripheralPresent        
0000110d  SysCtlPeripheralEnable         
00001141  ADCIntStatus                   
0000116f  GPIODirModeSet                 
00001199  ADCSequenceDataGet             
000011b7  __mpu_init                     
000011b9  UARTDisable                    
000011d5  ADCProcessorTrigger            
000011ed  _args_main                     
00001205  UARTEnable                     
00001219  _register_unlock               
0000121f  _register_lock                 
00001227  _nop                           
0000122d  GPIOPinTypeADC                 
0000123f  GPIOPinTypeUART                
00001251  ADCSequenceEnable              
0000125f  __TI_decompress_none           
0000126d  ResetISR                       
00001279  ADCIntClear                    
00001283  UARTCharGet                    
0000128d  UARTCharPut                    
00001297  SysCtlDelay                    
0000129d  __TI_decompress_rle24          
000012a3  _system_pre_init               
000012a7  _system_post_cinit             
000013f0  __TI_Handler_Table_Base        
000013f8  __TI_CINIT_Base                
000013f8  __TI_Handler_Table_Limit       
00001400  __TI_CINIT_Limit               
20000000  __stack                        
20000200  __STACK_END                    
20000200  __STACK_TOP                    
20000200  __TI_cleanup_ptr               
20000204  __TI_dtors_ptr                 
20000208  __TI_enable_exit_profile_output
2000020c  _lock                          
20000210  _unlock                        
2000021c  main_func_sp                   
ffffffff  __TI_pprof_out_hndl            
ffffffff  __TI_prof_data_size            
ffffffff  __TI_prof_data_start           
ffffffff  __binit__                      
ffffffff  __c_args__                     
ffffffff  binit                          
UNDEFED   SHT$$INIT_ARRAY$$Base          
UNDEFED   SHT$$INIT_ARRAY$$Limit         

[86 symbols]
